"blank"				"=========================="
"blank"				"Movement / Action Commands"
"blank"				"=========================="
"+forward"			"Move forward"
"+back"				"Move back"
"+left"				"Turn left"
"+right"			"Turn right"
"+moveleft"			"Move left (strafe)"
"+moveright"			"Move right (strafe)"
"+strafe"			"Strafe modifier"
"+jump"				"Jump"
"+duck"				"Slide Tackle"
"+attack"			"Kick"
"+attack2"			"Pass"
"+reload"			"Sprint"
"+use"				"Trap"
"+speed"			"Walk"
"+moveup"			"Swim up"
"+movedown"			"Swim down"
"+mlook"			"Mouse look modifier"
"+klook"			"Keyboard look modifier"
"+lookup"			"Look up"
"+lookdown"			"Look down"
"centerview"			"Look straight ahead"
"blank"				"=========================="
"blank"				"Communication Commands"
"blank"				"=========================="
"+voicerecord"			"Use voice communication"
"permvoice"			"Permanent voice communication"
"messagemode"			"Chat message"
"messagemode2"			"Team message"
"blank"				"=========================="
"blank"				"Miscellaneous Commands"
"blank"				"=========================="
"namecycle"			"Show player names in 3D cycle"
"thirdperson"			"Thirdperson/Firstperson view"
"sv_restart"			"Restart match (admin only)"
"+showscores"			"Display score"
"kill"				"Commit suicide"
"snapshot"			"Take screen shot"
"toggleconsole"			"Console"
"quit"				"Quit game"